[ko-kr.facebook.com/login/web/index.html]
[backblue.gif]
[fade.gif]
[index.html]
[static.xx.fbcdn.net/rsrc.php/v3/yM/l/0,cross/pLSgbfAkM9_1f8e.css]
[static.xx.fbcdn.net/rsrc.php/v3/y6/l/0,cross/oh91s9i5Vwf1f8e.css]
[ko-kr.facebook.com/login/web/index4964.html]
[static.xx.fbcdn.net/rsrc.php/v3/yz/l/0,cross/0A1CUIx0E6k1f8e.css]
[static.xx.fbcdn.net/rsrc.php/v3/y6/l/0,cross/giNPwhMVvC41f8e.css]
[static.xx.fbcdn.net/rsrc.php/v3/y5/l/0,cross/KIqPo6_vmPY1f8e.css]
[static.xx.fbcdn.net/rsrc.php/v3/yi/l/0,cross/Gt_Hdc3lf8P1f8e.css]
[static.xx.fbcdn.net/rsrc.php/v3/yJ/l/0,cross/JYCw27pbvgn1f8e.css]
[static.xx.fbcdn.net/rsrc.php/v3/yF/r/_RX9zRl_euT1f8e.js]
[ko-kr.facebook.com/login/web/help/637205020878504]
[connect.facebook.net/security/hsts-pixel.gif]
[ko-kr.facebook.com/login/web/lX4VCi]
[ko-kr.facebook.com/login/web/kKVtO2]
[ko-kr.facebook.com/login/web/__elem_ec77afbd_0_1_t]
[static.xx.fbcdn.net/rsrc.php/v3/y4/r/SKajO67gpuC1f8e.js]
[static.xx.fbcdn.net/rsrc.php/v3/yU/r/BwlkRv7B4IH1f8e.js]
[static.xx.fbcdn.net/rsrc.php/v3/yE/r/Pm_HE4F_kcK1f8e.js]
[static.xx.fbcdn.net/rsrc.php/v3/y2/r/u1yJXfv807i1f8e.js]
[ko-kr.facebook.com/login/web/index.html]
[ko-kr.facebook.com/login/web/index4964.html]
[static.xx.fbcdn.net/rsrc.php/v3imQ-4/yO/l/ko_KR/YVPMKVKdbNX1f8e.js]
[static.xx.fbcdn.net/rsrc.php/v3/yR/r/iIdxhF27Wi0.png]
[static.xx.fbcdn.net/rsrc.php/v3/yM/l/0,cross/pLSgbfAkM9_1f8e.css]
[static.xx.fbcdn.net/rsrc.php/v3/yV/r/IJYgcESal33.png]
[static.xx.fbcdn.net/rsrc.php/v3/y2/r/onuUJj0tCqE.png]
[static.xx.fbcdn.net/rsrc.php/v3/yq/r/kXT5i7nB3hl.png]
[static.xx.fbcdn.net/rsrc.php/v3/yP/r/52vld7hrDEO.png]
[static.xx.fbcdn.net/rsrc.php/v3/y6/l/0,cross/oh91s9i5Vwf1f8e.css]
[static.xx.fbcdn.net/rsrc.php/v3/yB/r/TwAHgQi2ZPB.png]
[static.xx.fbcdn.net/rsrc.php/v3/yP/r/Yrq8Y9PlN02.png]
[static.xx.fbcdn.net/rsrc.php/v3/yO/r/YQNfPR9MJfx.png]
[static.xx.fbcdn.net/rsrc.php/v3/yw/r/7NNuesaBBAw.png]
[static.xx.fbcdn.net/rsrc.php/v3/yV/r/fr7cC89UPCt.png]
[static.xx.fbcdn.net/rsrc.php/v3/yz/l/0,cross/0A1CUIx0E6k1f8e.css]
[static.xx.fbcdn.net/rsrc.php/v3/y6/l/0,cross/giNPwhMVvC41f8e.css]
[static.xx.fbcdn.net/rsrc.php/v3/yR/r/sQlW9J8IQwe.png]
[static.xx.fbcdn.net/rsrc.php/v3/y5/l/0,cross/KIqPo6_vmPY1f8e.css]
[static.xx.fbcdn.net/rsrc.php/v3/yi/l/0,cross/Gt_Hdc3lf8P1f8e.css]
[static.xx.fbcdn.net/rsrc.php/v3/yZ/r/je5FEJkU1_K.png]
[static.xx.fbcdn.net/rsrc.php/v3/yk/r/swFqSxKYa5M.png]
[static.xx.fbcdn.net/rsrc.php/v3/y9/r/y7MG8IZpiC8.gif]
[static.xx.fbcdn.net/rsrc.php/v3/yJ/l/0,cross/JYCw27pbvgn1f8e.css]
[ko-kr.facebook.com/login/web/^([^_/indexd41d.html]
[ko-kr.facebook.com/login/web/chrome-extension_/index.html]
[ko-kr.facebook.com/login/web/GET.23.delayed]
[static.xx.fbcdn.net/rsrc.php/v3/yF/r/_RX9zRl_euT1f8e.js]
[ko-kr.facebook.com/login/web/help/637205020878504.html]
[ko-kr.facebook.com/login/web/lX4VCi.html]
[ko-kr.facebook.com/login/web/kKVtO2.html]
[ko-kr.facebook.com/login/web/__elem_ec77afbd_0_1_t.html]
[static.xx.fbcdn.net/rsrc.php/v3/y4/r/SKajO67gpuC1f8e.js]
[static.xx.fbcdn.net/rsrc.php/v3/yU/r/BwlkRv7B4IH1f8e.js]
[static.xx.fbcdn.net/rsrc.php/v3/yE/r/Pm_HE4F_kcK1f8e.js]
[static.xx.fbcdn.net/rsrc.php/v3/y2/r/u1yJXfv807i1f8e.js]
[static.xx.fbcdn.net/rsrc.php/v3imQ-4/yO/l/ko_KR/YVPMKVKdbNX1f8e.js]
[ko-kr.facebook.com/login/web/chrome-extension_/index.html]
[ko-kr.facebook.com/login/web/^([^_/indexd41d.html]
[ko-kr.facebook.com/login/web/GET.html]
[ko-kr.facebook.com/login/web/l/index.html]
[ko-kr.facebook.com/login/web/ABCDEFGHIJKLMNOPQRSTUVWXYZabcdefghijklmnopqrstuvwxyz0123456789+/index.html]
[ko-kr.facebook.com/login/web/ABCDEFGHIJKLMNOPQRSTUVWXYZabcdefghijklmnopqrstuvwxyz0123456789+/index.html]
[ko-kr.facebook.com/login/web/l/index.html]
